// Jest Snapshot v1, https://goo.gl/fbAQLP

exports[`ArraySectionDisplay component should renders correctly 1`] = `
<div
  className="panelMargin"
>
  <div
    className="MuiPaper-root-4 MuiPaper-elevation1-7 MuiExpansionPanel-root-1"
  >
    <div
      aria-expanded={false}
      className="MuiButtonBase-root-37 MuiExpansionPanelSummary-root-31"
      onBlur={[Function]}
      onClick={[Function]}
      onFocus={[Function]}
      onKeyDown={[Function]}
      onKeyUp={[Function]}
      onMouseDown={[Function]}
      onMouseLeave={[Function]}
      onMouseUp={[Function]}
      onTouchEnd={[Function]}
      onTouchMove={[Function]}
      onTouchStart={[Function]}
      role="button"
      tabIndex="0"
    >
      <div
        className="MuiExpansionPanelSummary-content-35"
      >
        <p
          className="MuiTypography-root-40 MuiTypography-body1-49"
        >
          Projects
        </p>
      </div>
      <div
        aria-hidden="true"
        className="MuiButtonBase-root-37 MuiIconButton-root-66 MuiExpansionPanelSummary-expandIcon-36"
        onBlur={[Function]}
        onFocus={[Function]}
        onKeyDown={[Function]}
        onKeyUp={[Function]}
        onMouseDown={[Function]}
        onMouseLeave={[Function]}
        onMouseUp={[Function]}
        onTouchEnd={[Function]}
        onTouchMove={[Function]}
        onTouchStart={[Function]}
        role="button"
        tabIndex={-1}
      >
        <span
          className="MuiIconButton-label-71"
        >
          <span
            aria-hidden="true"
            className="material-icons MuiIcon-root-72"
          >
            add_circle
          </span>
        </span>
        <span
          className="MuiTouchRipple-root-81"
        />
      </div>
    </div>
    <div
      aria-hidden="true"
      className="MuiCollapse-container-88"
      style={
        Object {
          "minHeight": "0px",
        }
      }
    >
      <div
        className="MuiCollapse-wrapper-90"
      >
        <div
          className="MuiCollapse-wrapperInner-91"
        >
          <div
            className="MuiExpansionPanelDetails-root-92"
          >
            <div
              className="expansionPanel"
            >
              <div
                className="panelMargin"
              >
                <div
                  className="MuiPaper-root-4 MuiPaper-elevation1-7 MuiExpansionPanel-root-1"
                >
                  <div
                    aria-expanded={false}
                    className="MuiButtonBase-root-37 MuiExpansionPanelSummary-root-31"
                    onBlur={[Function]}
                    onClick={[Function]}
                    onFocus={[Function]}
                    onKeyDown={[Function]}
                    onKeyUp={[Function]}
                    onMouseDown={[Function]}
                    onMouseLeave={[Function]}
                    onMouseUp={[Function]}
                    onTouchEnd={[Function]}
                    onTouchMove={[Function]}
                    onTouchStart={[Function]}
                    role="button"
                    tabIndex="0"
                  >
                    <div
                      className="MuiExpansionPanelSummary-content-35"
                    >
                      <p
                        className="MuiTypography-root-40 MuiTypography-body1-49"
                      >
                        A nice project
                      </p>
                    </div>
                    <div
                      aria-hidden="true"
                      className="MuiButtonBase-root-37 MuiIconButton-root-66 MuiExpansionPanelSummary-expandIcon-36"
                      onBlur={[Function]}
                      onFocus={[Function]}
                      onKeyDown={[Function]}
                      onKeyUp={[Function]}
                      onMouseDown={[Function]}
                      onMouseLeave={[Function]}
                      onMouseUp={[Function]}
                      onTouchEnd={[Function]}
                      onTouchMove={[Function]}
                      onTouchStart={[Function]}
                      role="button"
                      tabIndex={-1}
                    >
                      <span
                        className="MuiIconButton-label-71"
                      >
                        <span
                          aria-hidden="true"
                          className="material-icons MuiIcon-root-72"
                        >
                          add_circle
                        </span>
                      </span>
                      <span
                        className="MuiTouchRipple-root-81"
                      />
                    </div>
                  </div>
                  <div
                    aria-hidden="true"
                    className="MuiCollapse-container-88"
                    style={
                      Object {
                        "minHeight": "0px",
                      }
                    }
                  >
                    <div
                      className="MuiCollapse-wrapper-90"
                    >
                      <div
                        className="MuiCollapse-wrapperInner-91"
                      >
                        <div
                          className="MuiExpansionPanelDetails-root-92"
                        >
                          <div
                            className="expansionPanel"
                          >
                            <div
                              className="dropdown-item blur-handler"
                            >
                              <div
                                className="mpadropdowndisplay-item--propperty inputFieldLargeMultiline"
                              >
                                <div>
                                  <span
                                    className="MuiTypography-root-40 MuiTypography-caption-50"
                                  >
                                    Title
                                  </span>
                                  <h3
                                    className="MuiTypography-root-40 MuiTypography-subheading-47"
                                  >
                                    A nice project
                                  </h3>
                                </div>
                              </div>
                              <div
                                className="mpadropdowndisplay-item--propperty inputFieldLargeMultiline"
                              >
                                <div>
                                  <span
                                    className="MuiTypography-root-40 MuiTypography-caption-50"
                                  >
                                    Description
                                  </span>
                                  <h3
                                    className="MuiTypography-root-40 MuiTypography-subheading-47"
                                  >
                                    A DRY library for express-mongoose
                                  </h3>
                                </div>
                              </div>
                              <div
                                className="mpadropdowndisplay-item--propperty inputFieldLargeMultiline"
                              >
                                <div>
                                  <span
                                    className="MuiTypography-root-40 MuiTypography-caption-50"
                                  >
                                    Image
                                  </span>
                                  <h3
                                    className="MuiTypography-root-40 MuiTypography-subheading-47"
                                  >
                                    /nice.img.edit
                                  </h3>
                                </div>
                              </div>
                              <div
                                className="mpadropdowndisplay-item--propperty inputFieldLargeMultiline"
                              >
                                <div>
                                  <span
                                    className="MuiTypography-root-40 MuiTypography-caption-50"
                                  >
                                    Link
                                  </span>
                                  <h3
                                    className="MuiTypography-root-40 MuiTypography-subheading-47"
                                  >
                                    go.to.project.com
                                  </h3>
                                </div>
                              </div>
                              <div
                                className="mpadropdowndisplay-item--propperty inputFieldLargeMultiline"
                              >
                                <div>
                                  <span
                                    className="MuiTypography-root-40 MuiTypography-caption-50"
                                  >
                                    Repository
                                  </span>
                                  <h3
                                    className="MuiTypography-root-40 MuiTypography-subheading-47"
                                  >
                                    github.my-repo
                                  </h3>
                                </div>
                              </div>
                            </div>
                          </div>
                        </div>
                      </div>
                    </div>
                  </div>
                </div>
              </div>
              <div
                className="panelMargin"
              >
                <div
                  className="MuiPaper-root-4 MuiPaper-elevation1-7 MuiExpansionPanel-root-1"
                >
                  <div
                    aria-expanded={false}
                    className="MuiButtonBase-root-37 MuiExpansionPanelSummary-root-31"
                    onBlur={[Function]}
                    onClick={[Function]}
                    onFocus={[Function]}
                    onKeyDown={[Function]}
                    onKeyUp={[Function]}
                    onMouseDown={[Function]}
                    onMouseLeave={[Function]}
                    onMouseUp={[Function]}
                    onTouchEnd={[Function]}
                    onTouchMove={[Function]}
                    onTouchStart={[Function]}
                    role="button"
                    tabIndex="0"
                  >
                    <div
                      className="MuiExpansionPanelSummary-content-35"
                    >
                      <p
                        className="MuiTypography-root-40 MuiTypography-body1-49"
                      >
                        router Factroy
                      </p>
                    </div>
                    <div
                      aria-hidden="true"
                      className="MuiButtonBase-root-37 MuiIconButton-root-66 MuiExpansionPanelSummary-expandIcon-36"
                      onBlur={[Function]}
                      onFocus={[Function]}
                      onKeyDown={[Function]}
                      onKeyUp={[Function]}
                      onMouseDown={[Function]}
                      onMouseLeave={[Function]}
                      onMouseUp={[Function]}
                      onTouchEnd={[Function]}
                      onTouchMove={[Function]}
                      onTouchStart={[Function]}
                      role="button"
                      tabIndex={-1}
                    >
                      <span
                        className="MuiIconButton-label-71"
                      >
                        <span
                          aria-hidden="true"
                          className="material-icons MuiIcon-root-72"
                        >
                          add_circle
                        </span>
                      </span>
                      <span
                        className="MuiTouchRipple-root-81"
                      />
                    </div>
                  </div>
                  <div
                    aria-hidden="true"
                    className="MuiCollapse-container-88"
                    style={
                      Object {
                        "minHeight": "0px",
                      }
                    }
                  >
                    <div
                      className="MuiCollapse-wrapper-90"
                    >
                      <div
                        className="MuiCollapse-wrapperInner-91"
                      >
                        <div
                          className="MuiExpansionPanelDetails-root-92"
                        >
                          <div
                            className="expansionPanel"
                          >
                            <div
                              className="dropdown-item blur-handler"
                            >
                              <div
                                className="mpadropdowndisplay-item--propperty inputFieldLargeMultiline"
                              >
                                <div>
                                  <span
                                    className="MuiTypography-root-40 MuiTypography-caption-50"
                                  >
                                    Title
                                  </span>
                                  <h3
                                    className="MuiTypography-root-40 MuiTypography-subheading-47"
                                  >
                                    router Factroy
                                  </h3>
                                </div>
                              </div>
                              <div
                                className="mpadropdowndisplay-item--propperty inputFieldLargeMultiline"
                              >
                                <div>
                                  <span
                                    className="MuiTypography-root-40 MuiTypography-caption-50"
                                  >
                                    Description
                                  </span>
                                  <h3
                                    className="MuiTypography-root-40 MuiTypography-subheading-47"
                                  >
                                    A DRY library for express-mongoose
                                  </h3>
                                </div>
                              </div>
                              <div
                                className="mpadropdowndisplay-item--propperty inputFieldLargeMultiline"
                              >
                                <div>
                                  <span
                                    className="MuiTypography-root-40 MuiTypography-caption-50"
                                  >
                                    Image
                                  </span>
                                  <h3
                                    className="MuiTypography-root-40 MuiTypography-subheading-47"
                                  >
                                    /nice.img
                                  </h3>
                                </div>
                              </div>
                              <div
                                className="mpadropdowndisplay-item--propperty inputFieldLargeMultiline"
                              >
                                <div>
                                  <span
                                    className="MuiTypography-root-40 MuiTypography-caption-50"
                                  >
                                    Link
                                  </span>
                                  <h3
                                    className="MuiTypography-root-40 MuiTypography-subheading-47"
                                  >
                                    go.to.project.com
                                  </h3>
                                </div>
                              </div>
                              <div
                                className="mpadropdowndisplay-item--propperty inputFieldLargeMultiline"
                              >
                                <div>
                                  <span
                                    className="MuiTypography-root-40 MuiTypography-caption-50"
                                  >
                                    Repository
                                  </span>
                                  <h3
                                    className="MuiTypography-root-40 MuiTypography-subheading-47"
                                  >
                                    github.my-repo
                                  </h3>
                                </div>
                              </div>
                            </div>
                          </div>
                        </div>
                      </div>
                    </div>
                  </div>
                </div>
              </div>
              <div
                className="panelMargin"
              >
                <div
                  className="MuiPaper-root-4 MuiPaper-elevation1-7 MuiExpansionPanel-root-1"
                >
                  <div
                    aria-expanded={false}
                    className="MuiButtonBase-root-37 MuiExpansionPanelSummary-root-31"
                    onBlur={[Function]}
                    onClick={[Function]}
                    onFocus={[Function]}
                    onKeyDown={[Function]}
                    onKeyUp={[Function]}
                    onMouseDown={[Function]}
                    onMouseLeave={[Function]}
                    onMouseUp={[Function]}
                    onTouchEnd={[Function]}
                    onTouchMove={[Function]}
                    onTouchStart={[Function]}
                    role="button"
                    tabIndex="0"
                  >
                    <div
                      className="MuiExpansionPanelSummary-content-35"
                    >
                      <p
                        className="MuiTypography-root-40 MuiTypography-body1-49"
                      >
                        proj 1
                      </p>
                    </div>
                    <div
                      aria-hidden="true"
                      className="MuiButtonBase-root-37 MuiIconButton-root-66 MuiExpansionPanelSummary-expandIcon-36"
                      onBlur={[Function]}
                      onFocus={[Function]}
                      onKeyDown={[Function]}
                      onKeyUp={[Function]}
                      onMouseDown={[Function]}
                      onMouseLeave={[Function]}
                      onMouseUp={[Function]}
                      onTouchEnd={[Function]}
                      onTouchMove={[Function]}
                      onTouchStart={[Function]}
                      role="button"
                      tabIndex={-1}
                    >
                      <span
                        className="MuiIconButton-label-71"
                      >
                        <span
                          aria-hidden="true"
                          className="material-icons MuiIcon-root-72"
                        >
                          add_circle
                        </span>
                      </span>
                      <span
                        className="MuiTouchRipple-root-81"
                      />
                    </div>
                  </div>
                  <div
                    aria-hidden="true"
                    className="MuiCollapse-container-88"
                    style={
                      Object {
                        "minHeight": "0px",
                      }
                    }
                  >
                    <div
                      className="MuiCollapse-wrapper-90"
                    >
                      <div
                        className="MuiCollapse-wrapperInner-91"
                      >
                        <div
                          className="MuiExpansionPanelDetails-root-92"
                        >
                          <div
                            className="expansionPanel"
                          >
                            <div
                              className="dropdown-item blur-handler"
                            >
                              <div
                                className="mpadropdowndisplay-item--propperty inputFieldLargeMultiline"
                              >
                                <div>
                                  <span
                                    className="MuiTypography-root-40 MuiTypography-caption-50"
                                  >
                                    Title
                                  </span>
                                  <h3
                                    className="MuiTypography-root-40 MuiTypography-subheading-47"
                                  >
                                    proj 1
                                  </h3>
                                </div>
                              </div>
                              <div
                                className="mpadropdowndisplay-item--propperty inputFieldLargeMultiline"
                              >
                                <div>
                                  <span
                                    className="MuiTypography-root-40 MuiTypography-caption-50"
                                  >
                                    Description
                                  </span>
                                  <h3
                                    className="MuiTypography-root-40 MuiTypography-subheading-47"
                                  >
                                    desc 1
                                  </h3>
                                </div>
                              </div>
                              <div
                                className="mpadropdowndisplay-item--propperty inputFieldLargeMultiline"
                              >
                                <div>
                                  <span
                                    className="MuiTypography-root-40 MuiTypography-caption-50"
                                  >
                                    Image
                                  </span>
                                  <h3
                                    className="MuiTypography-root-40 MuiTypography-subheading-47"
                                  >
                                    new.img
                                  </h3>
                                </div>
                              </div>
                              <div
                                className="mpadropdowndisplay-item--propperty inputFieldLargeMultiline"
                              >
                                <div>
                                  <span
                                    className="MuiTypography-root-40 MuiTypography-caption-50"
                                  >
                                    Link
                                  </span>
                                  <h3
                                    className="MuiTypography-root-40 MuiTypography-subheading-47"
                                  >
                                    link
                                  </h3>
                                </div>
                              </div>
                              <div
                                className="mpadropdowndisplay-item--propperty inputFieldLargeMultiline"
                              >
                                <div>
                                  <span
                                    className="MuiTypography-root-40 MuiTypography-caption-50"
                                  >
                                    Repository
                                  </span>
                                  <h3
                                    className="MuiTypography-root-40 MuiTypography-subheading-47"
                                  >
                                    
                                  </h3>
                                </div>
                              </div>
                            </div>
                          </div>
                        </div>
                      </div>
                    </div>
                  </div>
                </div>
              </div>
              <div
                className="panelMargin"
              >
                <div
                  className="MuiPaper-root-4 MuiPaper-elevation1-7 MuiExpansionPanel-root-1"
                >
                  <div
                    aria-expanded={false}
                    className="MuiButtonBase-root-37 MuiExpansionPanelSummary-root-31"
                    onBlur={[Function]}
                    onClick={[Function]}
                    onFocus={[Function]}
                    onKeyDown={[Function]}
                    onKeyUp={[Function]}
                    onMouseDown={[Function]}
                    onMouseLeave={[Function]}
                    onMouseUp={[Function]}
                    onTouchEnd={[Function]}
                    onTouchMove={[Function]}
                    onTouchStart={[Function]}
                    role="button"
                    tabIndex="0"
                  >
                    <div
                      className="MuiExpansionPanelSummary-content-35"
                    >
                      <p
                        className="MuiTypography-root-40 MuiTypography-body1-49"
                      >
                        today
                      </p>
                    </div>
                    <div
                      aria-hidden="true"
                      className="MuiButtonBase-root-37 MuiIconButton-root-66 MuiExpansionPanelSummary-expandIcon-36"
                      onBlur={[Function]}
                      onFocus={[Function]}
                      onKeyDown={[Function]}
                      onKeyUp={[Function]}
                      onMouseDown={[Function]}
                      onMouseLeave={[Function]}
                      onMouseUp={[Function]}
                      onTouchEnd={[Function]}
                      onTouchMove={[Function]}
                      onTouchStart={[Function]}
                      role="button"
                      tabIndex={-1}
                    >
                      <span
                        className="MuiIconButton-label-71"
                      >
                        <span
                          aria-hidden="true"
                          className="material-icons MuiIcon-root-72"
                        >
                          add_circle
                        </span>
                      </span>
                      <span
                        className="MuiTouchRipple-root-81"
                      />
                    </div>
                  </div>
                  <div
                    aria-hidden="true"
                    className="MuiCollapse-container-88"
                    style={
                      Object {
                        "minHeight": "0px",
                      }
                    }
                  >
                    <div
                      className="MuiCollapse-wrapper-90"
                    >
                      <div
                        className="MuiCollapse-wrapperInner-91"
                      >
                        <div
                          className="MuiExpansionPanelDetails-root-92"
                        >
                          <div
                            className="expansionPanel"
                          >
                            <div
                              className="dropdown-item blur-handler"
                            >
                              <div
                                className="mpadropdowndisplay-item--propperty inputFieldLargeMultiline"
                              >
                                <div>
                                  <span
                                    className="MuiTypography-root-40 MuiTypography-caption-50"
                                  >
                                    Title
                                  </span>
                                  <h3
                                    className="MuiTypography-root-40 MuiTypography-subheading-47"
                                  >
                                    today
                                  </h3>
                                </div>
                              </div>
                              <div
                                className="mpadropdowndisplay-item--propperty inputFieldLargeMultiline"
                              >
                                <div>
                                  <span
                                    className="MuiTypography-root-40 MuiTypography-caption-50"
                                  >
                                    Description
                                  </span>
                                  <h3
                                    className="MuiTypography-root-40 MuiTypography-subheading-47"
                                  >
                                    today
                                  </h3>
                                </div>
                              </div>
                              <div
                                className="mpadropdowndisplay-item--propperty inputFieldLargeMultiline"
                              >
                                <div>
                                  <span
                                    className="MuiTypography-root-40 MuiTypography-caption-50"
                                  >
                                    Image
                                  </span>
                                  <h3
                                    className="MuiTypography-root-40 MuiTypography-subheading-47"
                                  >
                                    today
                                  </h3>
                                </div>
                              </div>
                              <div
                                className="mpadropdowndisplay-item--propperty inputFieldLargeMultiline"
                              >
                                <div>
                                  <span
                                    className="MuiTypography-root-40 MuiTypography-caption-50"
                                  >
                                    Link
                                  </span>
                                  <h3
                                    className="MuiTypography-root-40 MuiTypography-subheading-47"
                                  >
                                    today
                                  </h3>
                                </div>
                              </div>
                              <div
                                className="mpadropdowndisplay-item--propperty inputFieldLargeMultiline"
                              >
                                <div>
                                  <span
                                    className="MuiTypography-root-40 MuiTypography-caption-50"
                                  >
                                    Repository
                                  </span>
                                  <h3
                                    className="MuiTypography-root-40 MuiTypography-subheading-47"
                                  >
                                    today
                                  </h3>
                                </div>
                              </div>
                            </div>
                          </div>
                        </div>
                      </div>
                    </div>
                  </div>
                </div>
              </div>
            </div>
          </div>
        </div>
      </div>
    </div>
  </div>
</div>
`;
