// Jest Snapshot v1, https://goo.gl/fbAQLP

exports[`SocialLinks component should renders correctly 1`] = `
<div
  className="state-capsule"
  onChange={[Function]}
  onKeyPress={[Function]}
>
  <div
    className="panelMargin"
  >
    <div
      className="MuiPaper-root-4 MuiPaper-elevation1-7 MuiExpansionPanel-root-1"
    >
      <div
        aria-expanded={false}
        className="MuiButtonBase-root-37 MuiExpansionPanelSummary-root-31"
        onBlur={[Function]}
        onClick={[Function]}
        onFocus={[Function]}
        onKeyDown={[Function]}
        onKeyUp={[Function]}
        onMouseDown={[Function]}
        onMouseLeave={[Function]}
        onMouseUp={[Function]}
        onTouchEnd={[Function]}
        onTouchMove={[Function]}
        onTouchStart={[Function]}
        role="button"
        tabIndex="0"
      >
        <div
          className="MuiExpansionPanelSummary-content-35"
        >
          <p
            className="MuiTypography-root-40 MuiTypography-body1-49"
          >
            Social links
          </p>
        </div>
        <div
          aria-hidden="true"
          className="MuiButtonBase-root-37 MuiIconButton-root-66 MuiExpansionPanelSummary-expandIcon-36"
          onBlur={[Function]}
          onFocus={[Function]}
          onKeyDown={[Function]}
          onKeyUp={[Function]}
          onMouseDown={[Function]}
          onMouseLeave={[Function]}
          onMouseUp={[Function]}
          onTouchEnd={[Function]}
          onTouchMove={[Function]}
          onTouchStart={[Function]}
          role="button"
          tabIndex={-1}
        >
          <span
            className="MuiIconButton-label-71"
          >
            <span
              aria-hidden="true"
              className="material-icons MuiIcon-root-72"
            >
              add_circle
            </span>
          </span>
          <span
            className="MuiTouchRipple-root-81"
          />
        </div>
      </div>
      <div
        aria-hidden="true"
        className="MuiCollapse-container-88"
        style={
          Object {
            "minHeight": "0px",
          }
        }
      >
        <div
          className="MuiCollapse-wrapper-90"
        >
          <div
            className="MuiCollapse-wrapperInner-91"
          >
            <div
              className="MuiExpansionPanelDetails-root-92"
            >
              <div
                className="expansionPanel"
              >
                <div
                  className="inputField"
                >
                  <div
                    aria-describedby={undefined}
                    className="MuiFormControl-root-93 MuiFormControl-marginNormal-94 MuiFormControl-fullWidth-96"
                  >
                    <label
                      className="MuiFormLabel-root-104 MuiFormLabel-filled-108 MuiInputLabel-root-97 MuiInputLabel-formControl-98 MuiInputLabel-animated-101 MuiInputLabel-shrink-100 MuiInputLabel-outlined-103"
                      data-shrink={true}
                      htmlFor="edit-github"
                    >
                      github
                    </label>
                    <div
                      className="MuiInputBase-root-124 MuiOutlinedInput-root-111 MuiInputBase-fullWidth-133 MuiInputBase-formControl-125"
                      onClick={[Function]}
                    >
                      <fieldset
                        aria-hidden={true}
                        className="MuiNotchedOutline-root-141 MuiOutlinedInput-notchedOutline-118"
                        style={
                          Object {
                            "paddingLeft": 8,
                          }
                        }
                      >
                        <legend
                          className="MuiNotchedOutline-legend-142"
                          style={
                            Object {
                              "width": NaN,
                            }
                          }
                        />
                      </fieldset>
                      <input
                        aria-invalid={false}
                        autoComplete={undefined}
                        autoFocus={undefined}
                        className="MuiInputBase-input-134 MuiOutlinedInput-input-119"
                        defaultValue={undefined}
                        disabled={false}
                        id="edit-github"
                        name={undefined}
                        onBlur={[Function]}
                        onChange={[Function]}
                        onFocus={[Function]}
                        onKeyDown={undefined}
                        onKeyUp={undefined}
                        placeholder={undefined}
                        readOnly={undefined}
                        required={false}
                        rows={undefined}
                        type="text"
                        value="https://github.com/talent_developer"
                      />
                    </div>
                  </div>
                </div>
                <div
                  className="inputField"
                >
                  <div
                    aria-describedby={undefined}
                    className="MuiFormControl-root-93 MuiFormControl-marginNormal-94 MuiFormControl-fullWidth-96"
                  >
                    <label
                      className="MuiFormLabel-root-104 MuiFormLabel-filled-108 MuiInputLabel-root-97 MuiInputLabel-formControl-98 MuiInputLabel-animated-101 MuiInputLabel-shrink-100 MuiInputLabel-outlined-103"
                      data-shrink={true}
                      htmlFor="edit-linkedin"
                    >
                      Linkedin
                    </label>
                    <div
                      className="MuiInputBase-root-124 MuiOutlinedInput-root-111 MuiInputBase-fullWidth-133 MuiInputBase-formControl-125"
                      onClick={[Function]}
                    >
                      <fieldset
                        aria-hidden={true}
                        className="MuiNotchedOutline-root-141 MuiOutlinedInput-notchedOutline-118"
                        style={
                          Object {
                            "paddingLeft": 8,
                          }
                        }
                      >
                        <legend
                          className="MuiNotchedOutline-legend-142"
                          style={
                            Object {
                              "width": NaN,
                            }
                          }
                        />
                      </fieldset>
                      <input
                        aria-invalid={false}
                        autoComplete={undefined}
                        autoFocus={undefined}
                        className="MuiInputBase-input-134 MuiOutlinedInput-input-119"
                        defaultValue={undefined}
                        disabled={false}
                        id="edit-linkedin"
                        name={undefined}
                        onBlur={[Function]}
                        onChange={[Function]}
                        onFocus={[Function]}
                        onKeyDown={undefined}
                        onKeyUp={undefined}
                        placeholder={undefined}
                        readOnly={undefined}
                        required={false}
                        rows={undefined}
                        type="text"
                        value="Linkedin/talent_developer"
                      />
                    </div>
                  </div>
                </div>
                <div
                  className="inputField"
                >
                  <div
                    aria-describedby={undefined}
                    className="MuiFormControl-root-93 MuiFormControl-marginNormal-94 MuiFormControl-fullWidth-96"
                  >
                    <label
                      className="MuiFormLabel-root-104 MuiFormLabel-filled-108 MuiInputLabel-root-97 MuiInputLabel-formControl-98 MuiInputLabel-animated-101 MuiInputLabel-shrink-100 MuiInputLabel-outlined-103"
                      data-shrink={true}
                      htmlFor="edit-portfolio"
                    >
                      Portfolio Website
                    </label>
                    <div
                      className="MuiInputBase-root-124 MuiOutlinedInput-root-111 MuiInputBase-fullWidth-133 MuiInputBase-formControl-125"
                      onClick={[Function]}
                    >
                      <fieldset
                        aria-hidden={true}
                        className="MuiNotchedOutline-root-141 MuiOutlinedInput-notchedOutline-118"
                        style={
                          Object {
                            "paddingLeft": 8,
                          }
                        }
                      >
                        <legend
                          className="MuiNotchedOutline-legend-142"
                          style={
                            Object {
                              "width": NaN,
                            }
                          }
                        />
                      </fieldset>
                      <input
                        aria-invalid={false}
                        autoComplete={undefined}
                        autoFocus={undefined}
                        className="MuiInputBase-input-134 MuiOutlinedInput-input-119"
                        defaultValue={undefined}
                        disabled={false}
                        id="edit-portfolio"
                        name={undefined}
                        onBlur={[Function]}
                        onChange={[Function]}
                        onFocus={[Function]}
                        onKeyDown={undefined}
                        onKeyUp={undefined}
                        placeholder={undefined}
                        readOnly={undefined}
                        required={false}
                        rows={undefined}
                        type="text"
                        value="portfolio.talent_developer"
                      />
                    </div>
                  </div>
                </div>
              </div>
            </div>
          </div>
        </div>
      </div>
    </div>
  </div>
</div>
`;
